// Jest Snapshot v1, https://goo.gl/fbAQLP

exports[`Form should match the snapshot 1`] = `
<form
  onSubmit={[Function]}
>
  <div
    className="input-group mb-3"
  >
    <input
      className="form-control"
      onChange={[Function]}
      placeholder="Add user."
      type="text"
      value=""
    />
    <button
      className="btn btn-outline-secondary"
      type="submit"
    >
      Add
    </button>
  </div>
</form>
`;
